Command line invocation:
    /Applications/Xcode.app/Contents/Developer/usr/bin/xcodebuild build -project FileOrganiser.xcodeproj -scheme FileOrganiser -destination platform=macOS

2025-12-31 13:55:30.385 xcodebuild[59401:6052146] [MT] IDERunDestination: Supported platforms for the buildables in the current scheme is empty.
--- xcodebuild: WARNING: Using the first of multiple matching destinations:
{ platform:macOS, arch:arm64, id:00008122-000548462881401C, name:My Mac }
{ platform:macOS, arch:x86_64, id:00008122-000548462881401C, name:My Mac }
ComputePackagePrebuildTargetDependencyGraph

Prepare packages

CreateBuildRequest

SendProjectDescription

CreateBuildOperation

ComputeTargetDependencyGraph
note: Building targets in dependency order
note: Target dependency graph (1 target)
    Target 'FileOrganiser' in project 'FileOrganiser' (no dependencies)

GatherProvisioningInputs

CreateBuildDescription

ClangStatCache /Applications/Xcode.app/Contents/Developer/Toolchains/XcodeDefault.xctoolchain/usr/bin/clang-stat-cache /Applications/Xcode.app/Contents/Developer/Platforms/MacOSX.platform/Developer/SDKs/MacOSX26.2.sdk /Users/shirishpothi/Library/Developer/Xcode/DerivedData/SDKStatCaches.noindex/macosx26.2-25C57-00fa09913b459cbbc988d1f6730289ae.sdkstatcache
    cd /Users/shirishpothi/Downloads/File\ Organiser/FileOrganizer/FileOrganiser.xcodeproj
    /Applications/Xcode.app/Contents/Developer/Toolchains/XcodeDefault.xctoolchain/usr/bin/clang-stat-cache /Applications/Xcode.app/Contents/Developer/Platforms/MacOSX.platform/Developer/SDKs/MacOSX26.2.sdk -o /Users/shirishpothi/Library/Developer/Xcode/DerivedData/SDKStatCaches.noindex/macosx26.2-25C57-00fa09913b459cbbc988d1f6730289ae.sdkstatcache

SwiftDriver\ Compilation FileOrganiser normal arm64 com.apple.xcode.tools.swift.compiler (in target 'FileOrganiser' from project 'FileOrganiser')
    cd /Users/shirishpothi/Downloads/File\ Organiser/FileOrganizer
    builtin-Swift-Compilation -- /Applications/Xcode.app/Contents/Developer/Toolchains/XcodeDefault.xctoolchain/usr/bin/swiftc -module-name FileOrganiser -Onone -enforce-exclusivity\=checked @/Users/shirishpothi/Library/Developer/Xcode/DerivedData/FileOrganiser-ffouijfczngazhbtkkqrxkuuziql/Build/Intermediates.noindex/FileOrganiser.build/Debug/FileOrganiser.build/Objects-normal/arm64/FileOrganiser.SwiftFileList -DDEBUG -default-isolation\=MainActor -enable-bare-slash-regex -enable-upcoming-feature DisableOutwardActorInference -enable-upcoming-feature InferSendableFromCaptures -enable-upcoming-feature GlobalActorIsolatedTypesUsability -enable-upcoming-feature MemberImportVisibility -enable-upcoming-feature InferIsolatedConformances -enable-upcoming-feature NonisolatedNonsendingByDefault -enable-experimental-feature DebugDescriptionMacro -sdk /Applications/Xcode.app/Contents/Developer/Platforms/MacOSX.platform/Developer/SDKs/MacOSX26.2.sdk -target arm64-apple-macos26.1 -g -module-cache-path /Users/shirishpothi/Library/Developer/Xcode/DerivedData/ModuleCache.noindex -Xfrontend -serialize-debugging-options -profile-coverage-mapping -profile-generate -enable-testing -index-store-path /Users/shirishpothi/Library/Developer/Xcode/DerivedData/FileOrganiser-ffouijfczngazhbtkkqrxkuuziql/Index.noindex/DataStore -Xcc -D_LIBCPP_HARDENING_MODE\=_LIBCPP_HARDENING_MODE_DEBUG -swift-version 5 -I /Users/shirishpothi/Library/Developer/Xcode/DerivedData/FileOrganiser-ffouijfczngazhbtkkqrxkuuziql/Build/Products/Debug -F /Users/shirishpothi/Library/Developer/Xcode/DerivedData/FileOrganiser-ffouijfczngazhbtkkqrxkuuziql/Build/Products/Debug -emit-localized-strings -emit-localized-strings-path /Users/shirishpothi/Library/Developer/Xcode/DerivedData/FileOrganiser-ffouijfczngazhbtkkqrxkuuziql/Build/Intermediates.noindex/FileOrganiser.build/Debug/FileOrganiser.build/Objects-normal/arm64 -c -j8 -enable-batch-mode -incremental -Xcc -ivfsstatcache -Xcc /Users/shirishpothi/Library/Developer/Xcode/DerivedData/SDKStatCaches.noindex/macosx26.2-25C57-00fa09913b459cbbc988d1f6730289ae.sdkstatcache -output-file-map /Users/shirishpothi/Library/Developer/Xcode/DerivedData/FileOrganiser-ffouijfczngazhbtkkqrxkuuziql/Build/Intermediates.noindex/FileOrganiser.build/Debug/FileOrganiser.build/Objects-normal/arm64/FileOrganiser-OutputFileMap.json -use-frontend-parseable-output -save-temps -no-color-diagnostics -explicit-module-build -module-cache-path /Users/shirishpothi/Library/Developer/Xcode/DerivedData/FileOrganiser-ffouijfczngazhbtkkqrxkuuziql/Build/Intermediates.noindex/SwiftExplicitPrecompiledModules -clang-scanner-module-cache-path /Users/shirishpothi/Library/Developer/Xcode/DerivedData/ModuleCache.noindex -sdk-module-cache-path /Users/shirishpothi/Library/Developer/Xcode/DerivedData/ModuleCache.noindex -serialize-diagnostics -emit-dependencies -emit-module -emit-module-path /Users/shirishpothi/Library/Developer/Xcode/DerivedData/FileOrganiser-ffouijfczngazhbtkkqrxkuuziql/Build/Intermediates.noindex/FileOrganiser.build/Debug/FileOrganiser.build/Objects-normal/arm64/FileOrganiser.swiftmodule -validate-clang-modules-once -clang-build-session-file /Users/shirishpothi/Library/Developer/Xcode/DerivedData/ModuleCache.noindex/Session.modulevalidation -Xcc -I/Users/shirishpothi/Library/Developer/Xcode/DerivedData/FileOrganiser-ffouijfczngazhbtkkqrxkuuziql/Build/Intermediates.noindex/FileOrganiser.build/Debug/FileOrganiser.build/swift-overrides.hmap -emit-const-values -Xfrontend -const-gather-protocols-file -Xfrontend /Users/shirishpothi/Library/Developer/Xcode/DerivedData/FileOrganiser-ffouijfczngazhbtkkqrxkuuziql/Build/Intermediates.noindex/FileOrganiser.build/Debug/FileOrganiser.build/Objects-normal/arm64/FileOrganiser_const_extract_protocols.json -Xcc -iquote -Xcc /Users/shirishpothi/Library/Developer/Xcode/DerivedData/FileOrganiser-ffouijfczngazhbtkkqrxkuuziql/Build/Intermediates.noindex/FileOrganiser.build/Debug/FileOrganiser.build/FileOrganiser-generated-files.hmap -Xcc -I/Users/shirishpothi/Library/Developer/Xcode/DerivedData/FileOrganiser-ffouijfczngazhbtkkqrxkuuziql/Build/Intermediates.noindex/FileOrganiser.build/Debug/FileOrganiser.build/FileOrganiser-own-target-headers.hmap -Xcc -I/Users/shirishpothi/Library/Developer/Xcode/DerivedData/FileOrganiser-ffouijfczngazhbtkkqrxkuuziql/Build/Intermediates.noindex/FileOrganiser.build/Debug/FileOrganiser.build/FileOrganiser-all-target-headers.hmap -Xcc -iquote -Xcc /Users/shirishpothi/Library/Developer/Xcode/DerivedData/FileOrganiser-ffouijfczngazhbtkkqrxkuuziql/Build/Intermediates.noindex/FileOrganiser.build/Debug/FileOrganiser.build/FileOrganiser-project-headers.hmap -Xcc -I/Users/shirishpothi/Library/Developer/Xcode/DerivedData/FileOrganiser-ffouijfczngazhbtkkqrxkuuziql/Build/Products/Debug/include -Xcc -I/Users/shirishpothi/Library/Developer/Xcode/DerivedData/FileOrganiser-ffouijfczngazhbtkkqrxkuuziql/Build/Intermediates.noindex/FileOrganiser.build/Debug/FileOrganiser.build/DerivedSources-normal/arm64 -Xcc -I/Users/shirishpothi/Library/Developer/Xcode/DerivedData/FileOrganiser-ffouijfczngazhbtkkqrxkuuziql/Build/Intermediates.noindex/FileOrganiser.build/Debug/FileOrganiser.build/DerivedSources/arm64 -Xcc -I/Users/shirishpothi/Library/Developer/Xcode/DerivedData/FileOrganiser-ffouijfczngazhbtkkqrxkuuziql/Build/Intermediates.noindex/FileOrganiser.build/Debug/FileOrganiser.build/DerivedSources -Xcc -DDEBUG\=1 -emit-objc-header -emit-objc-header-path /Users/shirishpothi/Library/Developer/Xcode/DerivedData/FileOrganiser-ffouijfczngazhbtkkqrxkuuziql/Build/Intermediates.noindex/FileOrganiser.build/Debug/FileOrganiser.build/Objects-normal/arm64/FileOrganiser-Swift.h -working-directory /Users/shirishpothi/Downloads/File\ Organiser/FileOrganizer -experimental-emit-module-separately -disable-cmo
error: Build input files cannot be found: '/Users/shirishpothi/Downloads/File Organiser/FileOrganizer/FileOrganizer/Organizer/FileOrganizationValidator.swift', '/Users/shirishpothi/Downloads/File Organiser/FileOrganizer/FileOrganizer/Views/PreviewView.swift', '/Users/shirishpothi/Downloads/File Organiser/FileOrganizer/FileOrganizer/Views/DirectorySelectionView.swift', '/Users/shirishpothi/Downloads/File Organiser/FileOrganizer/FileOrganizer/Views/ContentView.swift', '/Users/shirishpothi/Downloads/File Organiser/FileOrganizer/FileOrganizer/Organizer/PreviewManager.swift', '/Users/shirishpothi/Downloads/File Organiser/FileOrganizer/FileOrganizer/AI/SystemPrompt.swift', '/Users/shirishpothi/Downloads/File Organiser/FileOrganizer/FileOrganizer/FileOrganizerApp.swift', '/Users/shirishpothi/Downloads/File Organiser/FileOrganizer/FileOrganizer/FinderExtension/FileOrganizerActionExtension.swift', '/Users/shirishpothi/Downloads/File Organiser/FileOrganizer/FileOrganizer/Views/HistoryView.swift', '/Users/shirishpothi/Downloads/File Organiser/FileOrganizer/FileOrganizer/Models/ExclusionRule.swift', '/Users/shirishpothi/Downloads/File Organiser/FileOrganizer/FileOrganizer/Utilities/Extensions.swift', '/Users/shirishpothi/Downloads/File Organiser/FileOrganizer/FileOrganizer/AI/AppleFoundationModelClient.swift', '/Users/shirishpothi/Downloads/File Organiser/FileOrganizer/FileOrganizer/AI/AIClientProtocol.swift', '/Users/shirishpothi/Downloads/File Organiser/FileOrganizer/FileOrganizer/Views/OrganizationResultView.swift', '/Users/shirishpothi/Downloads/File Organiser/FileOrganizer/FileOrganizer/Views/AnalysisView.swift', '/Users/shirishpothi/Downloads/File Organiser/FileOrganizer/FileOrganizer/AI/OpenAIClient.swift', '/Users/shirishpothi/Downloads/File Organiser/FileOrganizer/FileOrganizer/FileSystem/FileSystemManager.swift', '/Users/shirishpothi/Downloads/File Organiser/FileOrganizer/FileOrganizer/AI/PromptBuilder.swift', '/Users/shirishpothi/Downloads/File Organiser/FileOrganizer/FileOrganizer/FinderExtension/ExtensionCommunication.swift', '/Users/shirishpothi/Downloads/File Organiser/FileOrganizer/FileOrganizer/Models/OrganizationHistory.swift', '/Users/shirishpothi/Downloads/File Organiser/FileOrganizer/FileOrganizer/ViewModels/SettingsViewModel.swift', '/Users/shirishpothi/Downloads/File Organiser/FileOrganizer/FileOrganizer/AI/AIClientFactory.swift', '/Users/shirishpothi/Downloads/File Organiser/FileOrganizer/FileOrganizer/Models/FileItem.swift', '/Users/shirishpothi/Downloads/File Organiser/FileOrganizer/FileOrganizer/Utilities/KeychainManager.swift', '/Users/shirishpothi/Downloads/File Organiser/FileOrganizer/FileOrganizer/Utilities/Constants.swift', '/Users/shirishpothi/Downloads/File Organiser/FileOrganizer/FileOrganizer/Models/AIConfig.swift', '/Users/shirishpothi/Downloads/File Organiser/FileOrganizer/FileOrganizer/Views/SettingsView.swift', '/Users/shirishpothi/Downloads/File Organiser/FileOrganizer/FileOrganizer/Views/OrganizeView.swift', '/Users/shirishpothi/Downloads/File Organiser/FileOrganizer/FileOrganizer/Organizer/FolderOrganizer.swift', '/Users/shirishpothi/Downloads/File Organiser/FileOrganizer/FileOrganizer/AI/ResponseParser.swift', '/Users/shirishpothi/Downloads/File Organiser/FileOrganizer/FileOrganizer/Models/FolderSuggestion.swift', '/Users/shirishpothi/Downloads/File Organiser/FileOrganizer/FileOrganizer/Models/OrganizationPlan.swift', '/Users/shirishpothi/Downloads/File Organiser/FileOrganizer/FileOrganizer/Utilities/DebugLogger.swift', '/Users/shirishpothi/Downloads/File Organiser/FileOrganizer/FileOrganizer/Views/ExclusionRulesView.swift', '/Users/shirishpothi/Downloads/File Organiser/FileOrganizer/FileOrganizer/FileSystem/DirectoryScanner.swift'. Did you forget to declare these files as outputs of any script phases or custom build rules which produce them? (in target 'FileOrganiser' from project 'FileOrganiser')

SwiftDriver\ Compilation\ Requirements FileOrganiser normal arm64 com.apple.xcode.tools.swift.compiler (in target 'FileOrganiser' from project 'FileOrganiser')
    cd /Users/shirishpothi/Downloads/File\ Organiser/FileOrganizer
    builtin-Swift-Compilation-Requirements -- /Applications/Xcode.app/Contents/Developer/Toolchains/XcodeDefault.xctoolchain/usr/bin/swiftc -module-name FileOrganiser -Onone -enforce-exclusivity\=checked @/Users/shirishpothi/Library/Developer/Xcode/DerivedData/FileOrganiser-ffouijfczngazhbtkkqrxkuuziql/Build/Intermediates.noindex/FileOrganiser.build/Debug/FileOrganiser.build/Objects-normal/arm64/FileOrganiser.SwiftFileList -DDEBUG -default-isolation\=MainActor -enable-bare-slash-regex -enable-upcoming-feature DisableOutwardActorInference -enable-upcoming-feature InferSendableFromCaptures -enable-upcoming-feature GlobalActorIsolatedTypesUsability -enable-upcoming-feature MemberImportVisibility -enable-upcoming-feature InferIsolatedConformances -enable-upcoming-feature NonisolatedNonsendingByDefault -enable-experimental-feature DebugDescriptionMacro -sdk /Applications/Xcode.app/Contents/Developer/Platforms/MacOSX.platform/Developer/SDKs/MacOSX26.2.sdk -target arm64-apple-macos26.1 -g -module-cache-path /Users/shirishpothi/Library/Developer/Xcode/DerivedData/ModuleCache.noindex -Xfrontend -serialize-debugging-options -profile-coverage-mapping -profile-generate -enable-testing -index-store-path /Users/shirishpothi/Library/Developer/Xcode/DerivedData/FileOrganiser-ffouijfczngazhbtkkqrxkuuziql/Index.noindex/DataStore -Xcc -D_LIBCPP_HARDENING_MODE\=_LIBCPP_HARDENING_MODE_DEBUG -swift-version 5 -I /Users/shirishpothi/Library/Developer/Xcode/DerivedData/FileOrganiser-ffouijfczngazhbtkkqrxkuuziql/Build/Products/Debug -F /Users/shirishpothi/Library/Developer/Xcode/DerivedData/FileOrganiser-ffouijfczngazhbtkkqrxkuuziql/Build/Products/Debug -emit-localized-strings -emit-localized-strings-path /Users/shirishpothi/Library/Developer/Xcode/DerivedData/FileOrganiser-ffouijfczngazhbtkkqrxkuuziql/Build/Intermediates.noindex/FileOrganiser.build/Debug/FileOrganiser.build/Objects-normal/arm64 -c -j8 -enable-batch-mode -incremental -Xcc -ivfsstatcache -Xcc /Users/shirishpothi/Library/Developer/Xcode/DerivedData/SDKStatCaches.noindex/macosx26.2-25C57-00fa09913b459cbbc988d1f6730289ae.sdkstatcache -output-file-map /Users/shirishpothi/Library/Developer/Xcode/DerivedData/FileOrganiser-ffouijfczngazhbtkkqrxkuuziql/Build/Intermediates.noindex/FileOrganiser.build/Debug/FileOrganiser.build/Objects-normal/arm64/FileOrganiser-OutputFileMap.json -use-frontend-parseable-output -save-temps -no-color-diagnostics -explicit-module-build -module-cache-path /Users/shirishpothi/Library/Developer/Xcode/DerivedData/FileOrganiser-ffouijfczngazhbtkkqrxkuuziql/Build/Intermediates.noindex/SwiftExplicitPrecompiledModules -clang-scanner-module-cache-path /Users/shirishpothi/Library/Developer/Xcode/DerivedData/ModuleCache.noindex -sdk-module-cache-path /Users/shirishpothi/Library/Developer/Xcode/DerivedData/ModuleCache.noindex -serialize-diagnostics -emit-dependencies -emit-module -emit-module-path /Users/shirishpothi/Library/Developer/Xcode/DerivedData/FileOrganiser-ffouijfczngazhbtkkqrxkuuziql/Build/Intermediates.noindex/FileOrganiser.build/Debug/FileOrganiser.build/Objects-normal/arm64/FileOrganiser.swiftmodule -validate-clang-modules-once -clang-build-session-file /Users/shirishpothi/Library/Developer/Xcode/DerivedData/ModuleCache.noindex/Session.modulevalidation -Xcc -I/Users/shirishpothi/Library/Developer/Xcode/DerivedData/FileOrganiser-ffouijfczngazhbtkkqrxkuuziql/Build/Intermediates.noindex/FileOrganiser.build/Debug/FileOrganiser.build/swift-overrides.hmap -emit-const-values -Xfrontend -const-gather-protocols-file -Xfrontend /Users/shirishpothi/Library/Developer/Xcode/DerivedData/FileOrganiser-ffouijfczngazhbtkkqrxkuuziql/Build/Intermediates.noindex/FileOrganiser.build/Debug/FileOrganiser.build/Objects-normal/arm64/FileOrganiser_const_extract_protocols.json -Xcc -iquote -Xcc /Users/shirishpothi/Library/Developer/Xcode/DerivedData/FileOrganiser-ffouijfczngazhbtkkqrxkuuziql/Build/Intermediates.noindex/FileOrganiser.build/Debug/FileOrganiser.build/FileOrganiser-generated-files.hmap -Xcc -I/Users/shirishpothi/Library/Developer/Xcode/DerivedData/FileOrganiser-ffouijfczngazhbtkkqrxkuuziql/Build/Intermediates.noindex/FileOrganiser.build/Debug/FileOrganiser.build/FileOrganiser-own-target-headers.hmap -Xcc -I/Users/shirishpothi/Library/Developer/Xcode/DerivedData/FileOrganiser-ffouijfczngazhbtkkqrxkuuziql/Build/Intermediates.noindex/FileOrganiser.build/Debug/FileOrganiser.build/FileOrganiser-all-target-headers.hmap -Xcc -iquote -Xcc /Users/shirishpothi/Library/Developer/Xcode/DerivedData/FileOrganiser-ffouijfczngazhbtkkqrxkuuziql/Build/Intermediates.noindex/FileOrganiser.build/Debug/FileOrganiser.build/FileOrganiser-project-headers.hmap -Xcc -I/Users/shirishpothi/Library/Developer/Xcode/DerivedData/FileOrganiser-ffouijfczngazhbtkkqrxkuuziql/Build/Products/Debug/include -Xcc -I/Users/shirishpothi/Library/Developer/Xcode/DerivedData/FileOrganiser-ffouijfczngazhbtkkqrxkuuziql/Build/Intermediates.noindex/FileOrganiser.build/Debug/FileOrganiser.build/DerivedSources-normal/arm64 -Xcc -I/Users/shirishpothi/Library/Developer/Xcode/DerivedData/FileOrganiser-ffouijfczngazhbtkkqrxkuuziql/Build/Intermediates.noindex/FileOrganiser.build/Debug/FileOrganiser.build/DerivedSources/arm64 -Xcc -I/Users/shirishpothi/Library/Developer/Xcode/DerivedData/FileOrganiser-ffouijfczngazhbtkkqrxkuuziql/Build/Intermediates.noindex/FileOrganiser.build/Debug/FileOrganiser.build/DerivedSources -Xcc -DDEBUG\=1 -emit-objc-header -emit-objc-header-path /Users/shirishpothi/Library/Developer/Xcode/DerivedData/FileOrganiser-ffouijfczngazhbtkkqrxkuuziql/Build/Intermediates.noindex/FileOrganiser.build/Debug/FileOrganiser.build/Objects-normal/arm64/FileOrganiser-Swift.h -working-directory /Users/shirishpothi/Downloads/File\ Organiser/FileOrganizer -experimental-emit-module-separately -disable-cmo
error: Build input files cannot be found: '/Users/shirishpothi/Downloads/File Organiser/FileOrganizer/FileOrganizer/Organizer/FileOrganizationValidator.swift', '/Users/shirishpothi/Downloads/File Organiser/FileOrganizer/FileOrganizer/Views/PreviewView.swift', '/Users/shirishpothi/Downloads/File Organiser/FileOrganizer/FileOrganizer/Views/DirectorySelectionView.swift', '/Users/shirishpothi/Downloads/File Organiser/FileOrganizer/FileOrganizer/Views/ContentView.swift', '/Users/shirishpothi/Downloads/File Organiser/FileOrganizer/FileOrganizer/Organizer/PreviewManager.swift', '/Users/shirishpothi/Downloads/File Organiser/FileOrganizer/FileOrganizer/AI/SystemPrompt.swift', '/Users/shirishpothi/Downloads/File Organiser/FileOrganizer/FileOrganizer/FileOrganizerApp.swift', '/Users/shirishpothi/Downloads/File Organiser/FileOrganizer/FileOrganizer/FinderExtension/FileOrganizerActionExtension.swift', '/Users/shirishpothi/Downloads/File Organiser/FileOrganizer/FileOrganizer/Views/HistoryView.swift', '/Users/shirishpothi/Downloads/File Organiser/FileOrganizer/FileOrganizer/Models/ExclusionRule.swift', '/Users/shirishpothi/Downloads/File Organiser/FileOrganizer/FileOrganizer/Utilities/Extensions.swift', '/Users/shirishpothi/Downloads/File Organiser/FileOrganizer/FileOrganizer/AI/AppleFoundationModelClient.swift', '/Users/shirishpothi/Downloads/File Organiser/FileOrganizer/FileOrganizer/AI/AIClientProtocol.swift', '/Users/shirishpothi/Downloads/File Organiser/FileOrganizer/FileOrganizer/Views/OrganizationResultView.swift', '/Users/shirishpothi/Downloads/File Organiser/FileOrganizer/FileOrganizer/Views/AnalysisView.swift', '/Users/shirishpothi/Downloads/File Organiser/FileOrganizer/FileOrganizer/AI/OpenAIClient.swift', '/Users/shirishpothi/Downloads/File Organiser/FileOrganizer/FileOrganizer/FileSystem/FileSystemManager.swift', '/Users/shirishpothi/Downloads/File Organiser/FileOrganizer/FileOrganizer/AI/PromptBuilder.swift', '/Users/shirishpothi/Downloads/File Organiser/FileOrganizer/FileOrganizer/FinderExtension/ExtensionCommunication.swift', '/Users/shirishpothi/Downloads/File Organiser/FileOrganizer/FileOrganizer/Models/OrganizationHistory.swift', '/Users/shirishpothi/Downloads/File Organiser/FileOrganizer/FileOrganizer/ViewModels/SettingsViewModel.swift', '/Users/shirishpothi/Downloads/File Organiser/FileOrganizer/FileOrganizer/AI/AIClientFactory.swift', '/Users/shirishpothi/Downloads/File Organiser/FileOrganizer/FileOrganizer/Models/FileItem.swift', '/Users/shirishpothi/Downloads/File Organiser/FileOrganizer/FileOrganizer/Utilities/KeychainManager.swift', '/Users/shirishpothi/Downloads/File Organiser/FileOrganizer/FileOrganizer/Utilities/Constants.swift', '/Users/shirishpothi/Downloads/File Organiser/FileOrganizer/FileOrganizer/Models/AIConfig.swift', '/Users/shirishpothi/Downloads/File Organiser/FileOrganizer/FileOrganizer/Views/SettingsView.swift', '/Users/shirishpothi/Downloads/File Organiser/FileOrganizer/FileOrganizer/Views/OrganizeView.swift', '/Users/shirishpothi/Downloads/File Organiser/FileOrganizer/FileOrganizer/Organizer/FolderOrganizer.swift', '/Users/shirishpothi/Downloads/File Organiser/FileOrganizer/FileOrganizer/AI/ResponseParser.swift', '/Users/shirishpothi/Downloads/File Organiser/FileOrganizer/FileOrganizer/Models/FolderSuggestion.swift', '/Users/shirishpothi/Downloads/File Organiser/FileOrganizer/FileOrganizer/Models/OrganizationPlan.swift', '/Users/shirishpothi/Downloads/File Organiser/FileOrganizer/FileOrganizer/Utilities/DebugLogger.swift', '/Users/shirishpothi/Downloads/File Organiser/FileOrganizer/FileOrganizer/Views/ExclusionRulesView.swift', '/Users/shirishpothi/Downloads/File Organiser/FileOrganizer/FileOrganizer/FileSystem/DirectoryScanner.swift'. Did you forget to declare these files as outputs of any script phases or custom build rules which produce them? (in target 'FileOrganiser' from project 'FileOrganiser')

** BUILD FAILED **


The following build commands failed:
	SwiftDriver\ Compilation FileOrganiser normal arm64 com.apple.xcode.tools.swift.compiler (in target 'FileOrganiser' from project 'FileOrganiser')
	SwiftDriver\ Compilation\ Requirements FileOrganiser normal arm64 com.apple.xcode.tools.swift.compiler (in target 'FileOrganiser' from project 'FileOrganiser')
	Building project FileOrganiser with scheme FileOrganiser
(3 failures)
